// Vitest Snapshot v1, https://vitest.dev/guide/snapshot.html

exports[`Login Page > should match snapshot 1`] = `
<div>
  <div
    class="main-login-container"
  >
    <div
      class="left-container"
    >
      <div
        class="blue-div"
      >
        <div
          class="white-div"
        >
          <img
            alt="image"
            class="login-img"
            src="/assets/kv-login.jpeg"
          />
        </div>
      </div>
    </div>
    <div
      class="right-container"
    >
      <div
        class="login-container"
      >
        <img
          alt="logo"
          class="logo-img"
          src="/assets/kv-logo.png"
        />
        <div
          class="form-group"
        >
          <label
            class="for"
            for="Email"
          >
            Email
          </label>
          <div
            class="input-field"
          >
            <input
              aria-label="Email"
              class="input-box undefined"
              id="Email"
              placeholder="Enter your email"
              type="email"
              value=""
            />
            <button
              disabled=""
              type="button"
            >
              Clear
            </button>
          </div>
        </div>
        <div
          class="form-group"
        >
          <label
            class="for"
            for="Password"
          >
            Password
          </label>
          <div
            class="input-field"
          >
            <input
              aria-label="Password"
              class="input-box undefined"
              id="Password"
              placeholder="Enter your password"
              type="text"
              value=""
            />
          </div>
        </div>
        <div
          class="show-password"
        >
          <input
            checked=""
            type="checkbox"
          />
          <p>
            Show Password
          </p>
        </div>
        <button
          class="common-btn + undefined"
          type="button"
        >
           
          Login
        </button>
      </div>
    </div>
  </div>
</div>
`;
